2026-07-05 18:10:09 | INFO     | MainThread      | core.base.selenium_base_test | Setting up Selenium test: test_valid_login_redirects_to_inventory
2026-07-05 18:10:09 | INFO     | MainThread      | core.driver_factory.driver_manager | DriverManager resolving engine: selenium
2026-07-05 18:10:09 | INFO     | MainThread      | core.driver_factory.selenium_factory | Creating Selenium driver | browser=chrome headless=True
2026-07-05 18:10:22 | INFO     | MainThread      | core.driver_factory.selenium_factory | Selenium driver created successfully.
2026-07-05 18:10:22 | INFO     | MainThread      | core.wrappers.selenium_actions | Navigating to URL: https://www.saucedemo.com/
2026-07-05 18:10:23 | INFO     | MainThread      | core.wrappers.selenium_actions | Typing 'standard_user' into element: ('id', 'user-name')
2026-07-05 18:10:23 | INFO     | MainThread      | core.wrappers.selenium_actions | Typing 'secret_sauce' into element: ('id', 'password')
2026-07-05 18:10:23 | INFO     | MainThread      | core.wrappers.selenium_actions | Clicking element: ('id', 'login-button')
2026-07-05 18:10:23 | INFO     | MainThread      | core.utilities.assertions | ASSERT_URL_CONTAINS | url='https://www.saucedemo.com/inventory.html' fragment='inventory.html'
2026-07-05 18:10:24 | INFO     | MainThread      | core.utilities.assertions | ASSERT_EQUAL | actual='Products' expected='Products' | Inventory page title mismatch after login
2026-07-05 18:10:24 | INFO     | MainThread      | core.utilities.assertions | ASSERT_TRUE | condition=True | Expected inventory items to be visible after login
2026-07-05 18:10:24 | INFO     | MainThread      | core.base.selenium_base_test | Tearing down Selenium test: test_valid_login_redirects_to_inventory
2026-07-05 18:10:26 | INFO     | MainThread      | core.driver_factory.driver_manager | Driver/session torn down successfully for engine 'selenium'.
2026-07-05 18:10:26 | INFO     | MainThread      | core.base.selenium_base_test | Setting up Selenium test: test_locked_out_user_sees_error
2026-07-05 18:10:26 | INFO     | MainThread      | core.driver_factory.driver_manager | DriverManager resolving engine: selenium
2026-07-05 18:10:26 | INFO     | MainThread      | core.driver_factory.selenium_factory | Creating Selenium driver | browser=chrome headless=True
2026-07-05 18:10:28 | INFO     | MainThread      | core.driver_factory.selenium_factory | Selenium driver created successfully.
2026-07-05 18:10:28 | INFO     | MainThread      | core.wrappers.selenium_actions | Navigating to URL: https://www.saucedemo.com/
2026-07-05 18:10:29 | INFO     | MainThread      | core.wrappers.selenium_actions | Typing 'locked_out_user' into element: ('id', 'user-name')
2026-07-05 18:10:29 | INFO     | MainThread      | core.wrappers.selenium_actions | Typing 'secret_sauce' into element: ('id', 'password')
2026-07-05 18:10:29 | INFO     | MainThread      | core.wrappers.selenium_actions | Clicking element: ('id', 'login-button')
2026-07-05 18:10:29 | INFO     | MainThread      | core.utilities.assertions | ASSERT_CONTAINS | container='Epic sadface: Sorry, this user has been locked out.' member='locked out' | Expected locked-out error message to be displayed
2026-07-05 18:10:29 | INFO     | MainThread      | core.base.selenium_base_test | Tearing down Selenium test: test_locked_out_user_sees_error
2026-07-05 18:10:31 | INFO     | MainThread      | core.driver_factory.driver_manager | Driver/session torn down successfully for engine 'selenium'.
2026-07-05 18:12:04 | INFO     | MainThread      | core.base.selenium_base_test | Setting up Selenium test: test_valid_login_redirects_to_inventory
2026-07-05 18:12:04 | INFO     | MainThread      | core.driver_factory.driver_manager | DriverManager resolving engine: selenium
2026-07-05 18:12:04 | INFO     | MainThread      | core.driver_factory.selenium_factory | Creating Selenium driver | browser=chrome headless=False
2026-07-05 18:12:06 | INFO     | MainThread      | core.driver_factory.selenium_factory | Selenium driver created successfully.
2026-07-05 18:12:06 | INFO     | MainThread      | core.wrappers.selenium_actions | Navigating to URL: https://www.saucedemo.com/
2026-07-05 18:12:06 | INFO     | MainThread      | core.wrappers.selenium_actions | Typing 'standard_user' into element: ('id', 'user-name')
2026-07-05 18:12:07 | INFO     | MainThread      | core.wrappers.selenium_actions | Typing 'secret_sauce' into element: ('id', 'password')
2026-07-05 18:12:07 | INFO     | MainThread      | core.wrappers.selenium_actions | Clicking element: ('id', 'login-button')
2026-07-05 18:12:07 | INFO     | MainThread      | core.utilities.assertions | ASSERT_URL_CONTAINS | url='https://www.saucedemo.com/inventory.html' fragment='inventory.html'
2026-07-05 18:12:07 | INFO     | MainThread      | core.utilities.assertions | ASSERT_EQUAL | actual='Products' expected='Products' | Inventory page title mismatch after login
2026-07-05 18:12:07 | INFO     | MainThread      | core.utilities.assertions | ASSERT_TRUE | condition=True | Expected inventory items to be visible after login
2026-07-05 18:12:07 | INFO     | MainThread      | core.base.selenium_base_test | Tearing down Selenium test: test_valid_login_redirects_to_inventory
2026-07-05 18:12:09 | INFO     | MainThread      | core.driver_factory.driver_manager | Driver/session torn down successfully for engine 'selenium'.
2026-07-05 18:12:09 | INFO     | MainThread      | core.base.selenium_base_test | Setting up Selenium test: test_locked_out_user_sees_error
2026-07-05 18:12:09 | INFO     | MainThread      | core.driver_factory.driver_manager | DriverManager resolving engine: selenium
2026-07-05 18:12:09 | INFO     | MainThread      | core.driver_factory.selenium_factory | Creating Selenium driver | browser=chrome headless=False
2026-07-05 18:12:11 | INFO     | MainThread      | core.driver_factory.selenium_factory | Selenium driver created successfully.
2026-07-05 18:12:11 | INFO     | MainThread      | core.wrappers.selenium_actions | Navigating to URL: https://www.saucedemo.com/
2026-07-05 18:12:12 | INFO     | MainThread      | core.wrappers.selenium_actions | Typing 'locked_out_user' into element: ('id', 'user-name')
2026-07-05 18:12:12 | INFO     | MainThread      | core.wrappers.selenium_actions | Typing 'secret_sauce' into element: ('id', 'password')
2026-07-05 18:12:12 | INFO     | MainThread      | core.wrappers.selenium_actions | Clicking element: ('id', 'login-button')
2026-07-05 18:12:12 | INFO     | MainThread      | core.utilities.assertions | ASSERT_CONTAINS | container='Epic sadface: Sorry, this user has been locked out.' member='locked out' | Expected locked-out error message to be displayed
2026-07-05 18:12:12 | INFO     | MainThread      | core.base.selenium_base_test | Tearing down Selenium test: test_locked_out_user_sees_error
2026-07-05 18:12:15 | INFO     | MainThread      | core.driver_factory.driver_manager | Driver/session torn down successfully for engine 'selenium'.
2026-07-05 18:12:55 | INFO     | MainThread      | tests.api.health_check_test | GET https://www.saucedemo.com/ -> 200
